// Jest Snapshot v1, https://goo.gl/fbAQLP

exports[`Index renders the html we want 1`] = `
<div>
  <h1
    className="text-3xl font-bold underline"
  >
    Hello world!
  </h1>
  You're signed in as 
  Baa
   and you're 
  Healthy
  .
  <div>
    <input
      onChange={[Function]}
      placeholder="your new name..."
      type="text"
    />
    <input
      onClick={[Function]}
      type="button"
      value="change"
    />
  </div>
</div>
`;
